
> whispering-palms@0.1.0 build
> next build --webpack

Γû▓ Next.js 16.1.1 (webpack)
- Environments: .env.local
- Experiments (use with caution):
  ┬╖ serverActions

npm : ΓÜá The "middleware" 
file convention is 
deprecated. Please use 
"proxy" instead. Learn more: 
https://nextjs.org/docs/messa
ges/middleware-to-proxy
At line:1 char:1
+ npm run build > 
build_output.log 2>&1
+ ~~~~~~~~~~~~~~~~~~~~~~~~~~~
~~~~~~~~~~
    + CategoryInfo           
   : NotSpecified: (ΓÜá The  
   "middle...leware-to-pro   
 xy:String) [], RemoteExc    
eption
    + FullyQualifiedErrorId  
   : NativeCommandError
 
  Creating an optimized production build ...
Γ£ô Compiled successfully in 60s
  Skipping validation of types
  Collecting page data using 7 workers ...
Error: Neither apiKey nor 
config.authenticator provided
    at d._setAuthenticator (D
:\Projects\AIASTRO\.next\serv
er\chunks\2451.js:1:95995)
    at new d (D:\Projects\AIA
STRO\.next\server\chunks\2451
.js:1:94804)
    at 58214 (D:\Projects\AIA
STRO\.next\server\app\api\pay
ments\verify-session\route.js
:1:1130)
    at g (D:\Projects\AIASTRO
\.next\server\webpack-runtime
.js:1:136)
    at <unknown> (D:\Projects
\AIASTRO\.next\server\app\api
\payments\verify-session\rout
e.js:1:9137)
    at g.X (D:\Projects\AIAST
RO\.next\server\webpack-runti
me.js:1:1198)
    at <unknown> (D:\Projects
\AIASTRO\.next\server\app\api
\payments\verify-session\rout
e.js:1:9097)
    at Object.<anonymous> (D:
\Projects\AIASTRO\.next\serve
r\app\api\payments\verify-ses
sion\route.js:1:9169)

> Build error occurred
Error: Failed to collect 
page data for 
/api/payments/verify-session
    at ignore-listed frames {
  type: 'Error'
}
